Microchip MPLAB XC8 Compiler V2.36

Linker command line:

-W-3 --edf=C:\Program Files\Microchip\xc8\v2.36\pic\dat\en_msgs.txt -cn \
  -h+dist/default/production\4x4_Keypad.X.production.sym \
  --cmf=dist/default/production\4x4_Keypad.X.production.cmf -z -Q18F4550 \
  -oC:\Users\MSI\AppData\Local\Temp\xcAs6sc.4 --defsym=__MPLAB_BUILD=1 \
  -Mdist/default/production/4x4_Keypad.X.production.map \
  --md=C:\Users\MSI\AppData\Local\Temp\xcAs6sc.dat -E1 -ver=XC8 Compiler \
  --acfsm=1493 -ACODE=00h-07FFFh -ACONST=00h-07FFFh \
  -ASMALLCONST=0800h-08FFhx120 -AMEDIUMCONST=0800h-07FFFh -ACOMRAM=01h-05Fh \
  -AABS1=00h-07FFh -ABIGRAM=01h-07FFh -ARAM=060h-0FFh,0100h-01FFhx7 \
  -ABANK0=060h-0FFh -ABANK1=0100h-01FFh -ABANK2=0200h-02FFh \
  -ABANK3=0300h-03FFh -ABANK4=0400h-04FFh -ABANK5=0500h-05FFh \
  -ABANK6=0600h-06FFh -ABANK7=0700h-07FFh -ASFR=0F60h-0FFFh \
  -ABIGSFR=0F60h-0FFFh -ACONFIG=0300000h-030000Dh -AIDLOC=0200000h-0200007h \
  -AEEDATA=0F00000h-0F000FFh -peeprom_data=EEDATA \
  -preset_vec=00h,intcode,intcodelo,powerup,init -pramtop=0800h \
  -psmallconst=SMALLCONST -pmediumconst=MEDIUMCONST -pconst=CONST \
  -AFARRAM=00h-00h \
  -prdata=COMRAM,nvrram=COMRAM,nvbit=COMRAM,rbss=COMRAM,rbit=COMRAM \
  -pfarbss=FARRAM,fardata=FARRAM,nvFARRAM=FARRAM \
  -pintsave_regs=BIGRAM,bigbss=BIGRAM,bigdata=BIGRAM -pbss=RAM \
  -pidata=CODE,irdata=CODE,ibigdata=CODE,ifardata=CODE -prparam=COMRAM \
  C:\Users\MSI\AppData\Local\Temp\xcAs6sc.o \
  dist/default/production\4x4_Keypad.X.production.o 

Object code version is 3.11

Machine type is 18F4550



                Name                               Link     Load   Length Selector   Space Scale
C:\Users\MSI\AppData\Local\Temp\xcAs6sc.o
                idloc                            200000   200000        8        0       5
                config                           300000   300000        E        0       4
                init                                  0        0        4        0       0
dist/default/production\4x4_Keypad.X.production.o
                idloc                            200000   200000        8        0       5
                config                           300000   300000        E        0       4
                smallconst                          800      800        8      400       0
                text8                               BFA      BFA       4A      404       0
                text7                               BAE      BAE       4C      404       0
                text6                               D2E      D2E        8      404       0
                text5                               CEE      CEE       30      404       0
                text4                               B62      B62       4C      404       0
                text3                               C84      C84       36      404       0
                text2                               C44      C44       40      404       0
                text1                               808      808      222      404       0
                text0                               A2A      A2A      138      404       0
                cstackCOMRAM                          1        1       30        1       1
                dataCOMRAM                           31       31       10        1       1
                bssCOMRAM                            41       41        3        1       1
                cinit                               CBA      CBA       34      404       0
                idataCOMRAM                         D1E      D1E       10      404       0

TOTAL           Name                               Link     Load   Length     Space
        CLASS   CODE           
                init                                  0        0        4         0
                text8                               BFA      BFA       4A         0
                text7                               BAE      BAE       4C         0
                text6                               D2E      D2E        8         0
                text5                               CEE      CEE       30         0
                text4                               B62      B62       4C         0
                text3                               C84      C84       36         0
                text2                               C44      C44       40         0
                text1                               808      808      222         0
                text0                               A2A      A2A      138         0
                cinit                               CBA      CBA       34         0
                idataCOMRAM                         D1E      D1E       10         0

        CLASS   CONST          

        CLASS   SMALLCONST     
                smallconst                          800      800        8         0

        CLASS   MEDIUMCONST    

        CLASS   COMRAM         
                cstackCOMRAM                          1        1       30         1
                dataCOMRAM                           31       31       10         1
                bssCOMRAM                            41       41        3         1

        CLASS   ABS1           

        CLASS   BIGRAM         

        CLASS   RAM            

        CLASS   BANK0          

        CLASS   BANK1          

        CLASS   BANK2          

        CLASS   BANK3          

        CLASS   BANK4          

        CLASS   BANK5          

        CLASS   BANK6          

        CLASS   BANK7          

        CLASS   SFR            

        CLASS   BIGSFR         

        CLASS   CONFIG         
                config                           300000   300000        E         4

        CLASS   IDLOC          
                idloc                            200000   200000        8         5

        CLASS   EEDATA         

        CLASS   FARRAM         

        CLASS   HEAP           

        CLASS   STACK          



SEGMENTS        Name                           Load    Length   Top    Selector   Space  Class

                reset_vec                      000000  000004  000004         0       0  CODE    
                cstackCOMRAM                   000001  000043  000044         1       1  COMRAM  
                smallconst                     000800  000008  000808       400       0  SMALLCON
                text1                          000808  00052E  000D36       404       0  CODE    


UNUSED ADDRESS RANGES

        Name                Unused          Largest block    Delta
        BANK0            000060-0000FF               A0
        BANK1            000100-0001FF              100
        BANK2            000200-0002FF              100
        BANK3            000300-0003FF              100
        BANK4            000400-0004FF              100
        BANK5            000500-0005FF              100
        BANK6            000600-0006FF              100
        BANK7            000700-0007FF              100
        BIGRAM           000044-0007FF              7BC
        BIGSFR           000F60-000FFF               A0
        CODE             000004-0007FF              7FC
                         000D36-007FFF             72CA
        COMRAM           000044-00005F               1C
        CONST            000004-0007FF              7FC
                         000D36-007FFF             72CA
        EEDATA           F00000-F000FF              100
        MEDIUMCONST      000D36-007FFF             72CA
        RAM              000060-0007FF              100
        SFR              000F60-000FFF               A0
        SMALLCONST       000D36-007FFF              100

                                  Symbol Table

LCD_Char@dat             cstackCOMRAM 000008
LCD_Command@cmd          cstackCOMRAM 000008
LCD_String@msg           cstackCOMRAM 000009
LCD_String_xy@location   cstackCOMRAM 00000F
LCD_String_xy@msg        cstackCOMRAM 00000C
LCD_String_xy@pos        cstackCOMRAM 00000B
LCD_String_xy@row        cstackCOMRAM 00000E
MSdelay@i                cstackCOMRAM 000003
MSdelay@j                cstackCOMRAM 000005
MSdelay@val              cstackCOMRAM 000001
_LATB                    (abs)        000F8A
_LATD                    (abs)        000F8C
_LATD0                   (abs)        007C60
_LATD1                   (abs)        007C61
_LCD_Char                text4        000B62
_LCD_Clear               text6        000D2E
_LCD_Command             text7        000BAE
_LCD_Init                text5        000CEE
_LCD_String              text3        000C84
_LCD_String_xy           text2        000C44
_MSdelay                 text8        000BFA
_OSCCON                  (abs)        000FD3
_PORTB                   (abs)        000F81
_RBPU                    (abs)        007F8F
_TRISB                   (abs)        000F93
_TRISD                   (abs)        000F95
__HRAM                   (abs)        000000
__Habs1                  abs1         000000
__Hbank0                 bank0        000000
__Hbank1                 bank1        000000
__Hbank2                 bank2        000000
__Hbank3                 bank3        000000
__Hbank4                 bank4        000000
__Hbank5                 bank5        000000
__Hbank6                 bank6        000000
__Hbank7                 bank7        000000
__Hbigbss                bigbss       000000
__Hbigdata               bigdata      000000
__Hbigram                bigram       000000
__Hbigsfr                bigsfr       000000
__Hbss                   bss          000000
__HbssCOMRAM             bssCOMRAM    000000
__Hcinit                 cinit        000000
__Hclrtext               clrtext      000000
__Hcomram                comram       000000
__Hconfig                config       30000E
__Hconst                 const        000000
__HcstackCOMRAM          cstackCOMRAM 000000
__Hdata                  data         000000
__HdataCOMRAM            dataCOMRAM   000000
__Heeprom_data           eeprom_data  000000
__Hfarbss                farbss       000000
__Hfardata               fardata      000000
__Hheap                  heap         000000
__Hibigdata              ibigdata     000000
__Hidata                 idata        000000
__HidataCOMRAM           idataCOMRAM  000000
__Hidloc                 idloc        200008
__Hifardata              ifardata     000000
__Hinit                  init         000004
__Hintcode               intcode      000000
__Hintcode_body          intcode_body 000000
__Hintcodelo             intcodelo    000000
__Hintentry              intentry     000000
__Hintret                intret       000000
__Hintsave_regs          intsave_regs 000000
__Hirdata                irdata       000000
__Hmediumconst           mediumconst  000000
__HnvFARRAM              nvFARRAM     000000
__Hnvbit                 nvbit        000000
__Hnvrram                nvrram       000000
__Hparam                 rparam       000000
__Hpowerup               powerup      000000
__Hram                   ram          000000
__Hramtop                ramtop       000800
__Hrbit                  rbit         000000
__Hrbss                  rbss         000000
__Hrdata                 rdata        000000
__Hreset_vec             reset_vec    000000
__Hrparam                rparam       000000
__Hsfr                   sfr          000000
__Hsmallconst            smallconst   000808
__Hspace_0               (abs)        000D36
__Hspace_1               (abs)        000044
__Hspace_2               (abs)        000000
__Hspace_4               (abs)        60000E
__Hstack                 stack        000000
__Hstruct                struct       000000
__Htemp                  temp         000000
__Htext                  text         000000
__Htext0                 text0        000000
__Htext1                 text1        000000
__Htext2                 text2        000000
__Htext3                 text3        000000
__Htext4                 text4        000000
__Htext5                 text5        000000
__Htext6                 text6        000000
__Htext7                 text7        000000
__Htext8                 text8        000000
__LRAM                   (abs)        000001
__Labs1                  abs1         000000
__Lbank0                 bank0        000000
__Lbank1                 bank1        000000
__Lbank2                 bank2        000000
__Lbank3                 bank3        000000
__Lbank4                 bank4        000000
__Lbank5                 bank5        000000
__Lbank6                 bank6        000000
__Lbank7                 bank7        000000
__Lbigbss                bigbss       000000
__Lbigdata               bigdata      000000
__Lbigram                bigram       000000
__Lbigsfr                bigsfr       000000
__Lbss                   bss          000000
__LbssCOMRAM             bssCOMRAM    000000
__Lcinit                 cinit        000000
__Lclrtext               clrtext      000000
__Lcomram                comram       000000
__Lconfig                config       000000
__Lconst                 const        000000
__LcstackCOMRAM          cstackCOMRAM 000000
__Ldata                  data         000000
__LdataCOMRAM            dataCOMRAM   000000
__Leeprom_data           eeprom_data  000000
__Lfarbss                farbss       000000
__Lfardata               fardata      000000
__Lheap                  heap         000000
__Libigdata              ibigdata     000000
__Lidata                 idata        000000
__LidataCOMRAM           idataCOMRAM  000000
__Lidloc                 idloc        000000
__Lifardata              ifardata     000000
__Linit                  init         000000
__Lintcode               intcode      000000
__Lintcode_body          intcode_body 000000
__Lintcodelo             intcodelo    000000
__Lintentry              intentry     000000
__Lintret                intret       000000
__Lintsave_regs          intsave_regs 000000
__Lirdata                irdata       000000
__Lmediumconst           mediumconst  000000
__LnvFARRAM              nvFARRAM     000000
__Lnvbit                 nvbit        000000
__Lnvrram                nvrram       000000
__Lparam                 rparam       000000
__Lpowerup               powerup      000000
__Lram                   ram          000000
__Lramtop                ramtop       000800
__Lrbit                  rbit         000000
__Lrbss                  rbss         000000
__Lrdata                 rdata        000000
__Lreset_vec             reset_vec    000000
__Lrparam                rparam       000000
__Lsfr                   sfr          000000
__Lsmallconst            smallconst   000800
__Lspace_0               (abs)        000000
__Lspace_1               (abs)        000000
__Lspace_2               (abs)        000000
__Lspace_4               (abs)        000000
__Lstack                 stack        000000
__Lstruct                struct       000000
__Ltemp                  temp         000000
__Ltext                  text         000000
__Ltext0                 text0        000000
__Ltext1                 text1        000000
__Ltext2                 text2        000000
__Ltext3                 text3        000000
__Ltext4                 text4        000000
__Ltext5                 text5        000000
__Ltext6                 text6        000000
__Ltext7                 text7        000000
__Ltext8                 text8        000000
__S0                     (abs)        000D36
__S1                     (abs)        000044
__S4                     (abs)        000000
__S5                     (abs)        000000
___heap_hi               (abs)        000000
___heap_lo               (abs)        000000
___inthi_sp              stack        000000
___intlo_sp              stack        000000
___param_bank            (abs)        000000
___rparam_used           (abs)        000001
___sp                    stack        000000
__accesstop              (abs)        000060
__activetblptr           (abs)        000001
__end_of_LCD_Char        text4        000BAE
__end_of_LCD_Clear       text6        000D36
__end_of_LCD_Command     text7        000BFA
__end_of_LCD_Init        text5        000D1E
__end_of_LCD_String      text3        000CBA
__end_of_LCD_String_xy   text2        000C84
__end_of_MSdelay         text8        000C44
__end_of__initialization cinit        000CE0
__end_of_keyfind         text1        000A2A
__end_of_main            text0        000B62
__initialization         cinit        000CBA
__mediumconst            mediumconst  000000
__pbssCOMRAM             bssCOMRAM    000041
__pcinit                 cinit        000CBA
__pcstackCOMRAM          cstackCOMRAM 000001
__pdataCOMRAM            dataCOMRAM   000031
__pidataCOMRAM           idataCOMRAM  000D1E
__psmallconst            smallconst   000800
__ptext0                 text0        000A2A
__ptext1                 text1        000808
__ptext2                 text2        000C44
__ptext3                 text3        000C84
__ptext4                 text4        000B62
__ptext5                 text5        000CEE
__ptext6                 text6        000D2E
__ptext7                 text7        000BAE
__ptext8                 text8        000BFA
__ramtop                 ramtop       000800
__smallconst             smallconst   000800
_col_loc                 bssCOMRAM    000043
_keyfind                 text1        000808
_keypad                  dataCOMRAM   000031
_main                    text0        000A2A
_rowloc                  bssCOMRAM    000042
_temp_col                bssCOMRAM    000041
end_of_initialization    cinit        000CE0
intlevel0                text         000000
intlevel1                text         000000
intlevel2                text         000000
intlevel3                text         000000
isa$std                  (abs)        000001
isa$xinst                (abs)        000000
main@i                   cstackCOMRAM 00002F
main@key                 cstackCOMRAM 00002E
main@mess                cstackCOMRAM 000010
stackhi                  (abs)        000000
stacklo                  (abs)        000000
start                    init         000000
start_initialization     cinit        000CBA


MODULE INFORMATION

Module		Function		Class		Link	Load	Size
LCD_16x2_4bit_mode.c
		_LCD_String    		CODE           	0C84	0000	54
		_LCD_Init      		CODE           	0CEE	0000	48
		_LCD_Command   		CODE           	0BAE	0000	76
		_LCD_String_xy 		CODE           	0C44	0000	64
		_LCD_Char      		CODE           	0B62	0000	76
		_LCD_Clear     		CODE           	0D2E	0000	8
		_MSdelay       		CODE           	0BFA	0000	74

LCD_16x2_4bit_mode.c estimated size: 400

shared
		__initialization		CODE           	0CBA	0000	38

shared estimated size: 38

4x4_Keypad.c
		_keyfind       		CODE           	0808	0000	546
		_main          		CODE           	0A2A	0000	312

4x4_Keypad.c estimated size: 858

